--------------------------------------------------------------------------------
Release 14.1 Trace  (nt64)
Copyright (c) 1995-2012 Xilinx, Inc.  All rights reserved.

C:\Xilinx\14.1\ISE_DS\ISE\bin\nt64\unwrapped\trce.exe -intstyle ise -v 3 -s 2
-n 3 -fastpaths -xml Adder.twx Adder.ncd -o Adder.twr Adder.pcf

Design file:              Adder.ncd
Physical constraint file: Adder.pcf
Device,package,speed:     xc6slx16,csg324,C,-2 (PRODUCTION 1.21 2012-04-23)
Report level:             verbose report

Environment Variable      Effect 
--------------------      ------ 
NONE                      No environment variables were set
--------------------------------------------------------------------------------

INFO:Timing:2698 - No timing constraints found, doing default enumeration.
INFO:Timing:3412 - To improve timing, see the Timing Closure User Guide (UG612).
INFO:Timing:2752 - To get complete path coverage, use the unconstrained paths 
   option. All paths that are not constrained will be reported in the 
   unconstrained paths section(s) of the report.
INFO:Timing:3339 - The clock-to-out numbers in this timing report are based on 
   a 50 Ohm transmission line loading model.  For the details of this model, 
   and for more information on accounting for different loading conditions, 
   please see the device datasheet.



Data Sheet report:
-----------------
All values displayed in nanoseconds (ns)

Pad to Pad
---------------+---------------+---------+
Source Pad     |Destination Pad|  Delay  |
---------------+---------------+---------+
offset<0>      |new_pc<0>      |   12.356|
offset<1>      |new_pc<0>      |   12.797|
offset<1>      |new_pc<1>      |   12.608|
offset<2>      |new_pc<0>      |   12.727|
offset<2>      |new_pc<1>      |   12.534|
offset<2>      |new_pc<2>      |   12.459|
offset<3>      |new_pc<0>      |   13.089|
offset<3>      |new_pc<1>      |   12.907|
offset<3>      |new_pc<2>      |   12.917|
offset<3>      |new_pc<3>      |   12.988|
offset<4>      |new_pc<0>      |   13.104|
offset<4>      |new_pc<1>      |   12.915|
offset<4>      |new_pc<2>      |   13.057|
offset<4>      |new_pc<3>      |   13.114|
offset<4>      |new_pc<4>      |   12.803|
offset<5>      |new_pc<0>      |   13.085|
offset<5>      |new_pc<1>      |   12.896|
offset<5>      |new_pc<2>      |   13.038|
offset<5>      |new_pc<3>      |   13.095|
offset<5>      |new_pc<4>      |   12.841|
offset<5>      |new_pc<5>      |   12.892|
offset<6>      |new_pc<0>      |   12.944|
offset<6>      |new_pc<1>      |   12.755|
offset<6>      |new_pc<2>      |   12.897|
offset<6>      |new_pc<3>      |   12.954|
offset<6>      |new_pc<4>      |   12.704|
offset<6>      |new_pc<5>      |   12.751|
offset<6>      |new_pc<6>      |   12.349|
offset<7>      |new_pc<0>      |   13.173|
offset<7>      |new_pc<1>      |   12.984|
offset<7>      |new_pc<2>      |   13.126|
offset<7>      |new_pc<3>      |   13.183|
offset<7>      |new_pc<4>      |   12.914|
offset<7>      |new_pc<5>      |   12.972|
offset<7>      |new_pc<6>      |   12.655|
offset<7>      |new_pc<7>      |   12.606|
offset<8>      |new_pc<0>      |   13.236|
offset<8>      |new_pc<1>      |   13.047|
offset<8>      |new_pc<2>      |   13.189|
offset<8>      |new_pc<3>      |   13.246|
offset<8>      |new_pc<4>      |   13.011|
offset<8>      |new_pc<5>      |   13.062|
offset<8>      |new_pc<6>      |   12.877|
offset<8>      |new_pc<7>      |   12.814|
offset<8>      |new_pc<8>      |   12.899|
offset<9>      |new_pc<0>      |   13.482|
offset<9>      |new_pc<1>      |   13.293|
offset<9>      |new_pc<2>      |   13.435|
offset<9>      |new_pc<3>      |   13.492|
offset<9>      |new_pc<4>      |   13.257|
offset<9>      |new_pc<5>      |   13.308|
offset<9>      |new_pc<6>      |   13.123|
offset<9>      |new_pc<7>      |   13.060|
offset<9>      |new_pc<8>      |   13.202|
offset<9>      |new_pc<9>      |   12.977|
offset<10>     |new_pc<0>      |   13.341|
offset<10>     |new_pc<1>      |   13.152|
offset<10>     |new_pc<2>      |   13.294|
offset<10>     |new_pc<3>      |   13.351|
offset<10>     |new_pc<4>      |   13.116|
offset<10>     |new_pc<5>      |   13.167|
offset<10>     |new_pc<6>      |   12.982|
offset<10>     |new_pc<7>      |   12.919|
offset<10>     |new_pc<8>      |   13.065|
offset<10>     |new_pc<9>      |   12.836|
offset<10>     |new_pc<10>     |   12.515|
offset<11>     |new_pc<0>      |   13.577|
offset<11>     |new_pc<1>      |   13.388|
offset<11>     |new_pc<2>      |   13.530|
offset<11>     |new_pc<3>      |   13.587|
offset<11>     |new_pc<4>      |   13.352|
offset<11>     |new_pc<5>      |   13.403|
offset<11>     |new_pc<6>      |   13.218|
offset<11>     |new_pc<7>      |   13.155|
offset<11>     |new_pc<8>      |   13.282|
offset<11>     |new_pc<9>      |   13.064|
offset<11>     |new_pc<10>     |   12.828|
offset<11>     |new_pc<11>     |   12.899|
offset<12>     |new_pc<0>      |   13.302|
offset<12>     |new_pc<1>      |   13.113|
offset<12>     |new_pc<2>      |   13.255|
offset<12>     |new_pc<3>      |   13.312|
offset<12>     |new_pc<4>      |   13.077|
offset<12>     |new_pc<5>      |   13.128|
offset<12>     |new_pc<6>      |   12.943|
offset<12>     |new_pc<7>      |   12.880|
offset<12>     |new_pc<8>      |   13.041|
offset<12>     |new_pc<9>      |   12.816|
offset<12>     |new_pc<10>     |   12.712|
offset<12>     |new_pc<11>     |   12.769|
offset<12>     |new_pc<12>     |   12.011|
offset<13>     |new_pc<0>      |   13.853|
offset<13>     |new_pc<1>      |   13.664|
offset<13>     |new_pc<2>      |   13.806|
offset<13>     |new_pc<3>      |   13.863|
offset<13>     |new_pc<4>      |   13.628|
offset<13>     |new_pc<5>      |   13.679|
offset<13>     |new_pc<6>      |   13.494|
offset<13>     |new_pc<7>      |   13.431|
offset<13>     |new_pc<8>      |   13.592|
offset<13>     |new_pc<9>      |   13.367|
offset<13>     |new_pc<10>     |   13.263|
offset<13>     |new_pc<11>     |   13.320|
offset<13>     |new_pc<12>     |   12.619|
offset<13>     |new_pc<13>     |   12.396|
offset<14>     |new_pc<0>      |   14.005|
offset<14>     |new_pc<1>      |   13.816|
offset<14>     |new_pc<2>      |   13.958|
offset<14>     |new_pc<3>      |   14.015|
offset<14>     |new_pc<4>      |   13.780|
offset<14>     |new_pc<5>      |   13.831|
offset<14>     |new_pc<6>      |   13.646|
offset<14>     |new_pc<7>      |   13.583|
offset<14>     |new_pc<8>      |   13.744|
offset<14>     |new_pc<9>      |   13.519|
offset<14>     |new_pc<10>     |   13.415|
offset<14>     |new_pc<11>     |   13.472|
offset<14>     |new_pc<12>     |   12.775|
offset<14>     |new_pc<13>     |   12.548|
offset<14>     |new_pc<14>     |   12.313|
offset<15>     |new_pc<0>      |   13.502|
offset<15>     |new_pc<1>      |   13.313|
offset<15>     |new_pc<2>      |   13.455|
offset<15>     |new_pc<3>      |   13.512|
offset<15>     |new_pc<4>      |   13.277|
offset<15>     |new_pc<5>      |   13.328|
offset<15>     |new_pc<6>      |   13.143|
offset<15>     |new_pc<7>      |   13.080|
offset<15>     |new_pc<8>      |   13.241|
offset<15>     |new_pc<9>      |   13.016|
offset<15>     |new_pc<10>     |   12.912|
offset<15>     |new_pc<11>     |   12.969|
offset<15>     |new_pc<12>     |   12.253|
offset<15>     |new_pc<13>     |   12.037|
offset<15>     |new_pc<14>     |   11.887|
offset<15>     |new_pc<15>     |   12.006|
offset<16>     |new_pc<0>      |   14.042|
offset<16>     |new_pc<1>      |   13.853|
offset<16>     |new_pc<2>      |   13.995|
offset<16>     |new_pc<3>      |   14.052|
offset<16>     |new_pc<4>      |   13.817|
offset<16>     |new_pc<5>      |   13.868|
offset<16>     |new_pc<6>      |   13.683|
offset<16>     |new_pc<7>      |   13.620|
offset<16>     |new_pc<8>      |   13.781|
offset<16>     |new_pc<9>      |   13.556|
offset<16>     |new_pc<10>     |   13.452|
offset<16>     |new_pc<11>     |   13.509|
offset<16>     |new_pc<12>     |   12.827|
offset<16>     |new_pc<13>     |   12.604|
offset<16>     |new_pc<14>     |   12.586|
offset<16>     |new_pc<15>     |   12.691|
offset<16>     |new_pc<16>     |   12.609|
offset<17>     |new_pc<0>      |   14.673|
offset<17>     |new_pc<1>      |   14.484|
offset<17>     |new_pc<2>      |   14.626|
offset<17>     |new_pc<3>      |   14.683|
offset<17>     |new_pc<4>      |   14.448|
offset<17>     |new_pc<5>      |   14.499|
offset<17>     |new_pc<6>      |   14.314|
offset<17>     |new_pc<7>      |   14.251|
offset<17>     |new_pc<8>      |   14.412|
offset<17>     |new_pc<9>      |   14.187|
offset<17>     |new_pc<10>     |   14.083|
offset<17>     |new_pc<11>     |   14.140|
offset<17>     |new_pc<12>     |   13.458|
offset<17>     |new_pc<13>     |   13.235|
offset<17>     |new_pc<14>     |   13.217|
offset<17>     |new_pc<15>     |   13.322|
offset<17>     |new_pc<16>     |   13.297|
offset<17>     |new_pc<17>     |   13.072|
offset<18>     |new_pc<0>      |   14.138|
offset<18>     |new_pc<1>      |   13.949|
offset<18>     |new_pc<2>      |   14.091|
offset<18>     |new_pc<3>      |   14.148|
offset<18>     |new_pc<4>      |   13.913|
offset<18>     |new_pc<5>      |   13.964|
offset<18>     |new_pc<6>      |   13.779|
offset<18>     |new_pc<7>      |   13.716|
offset<18>     |new_pc<8>      |   13.877|
offset<18>     |new_pc<9>      |   13.652|
offset<18>     |new_pc<10>     |   13.548|
offset<18>     |new_pc<11>     |   13.605|
offset<18>     |new_pc<12>     |   12.923|
offset<18>     |new_pc<13>     |   12.700|
offset<18>     |new_pc<14>     |   12.682|
offset<18>     |new_pc<15>     |   12.787|
offset<18>     |new_pc<16>     |   12.766|
offset<18>     |new_pc<17>     |   12.537|
offset<18>     |new_pc<18>     |   12.510|
offset<19>     |new_pc<0>      |   14.144|
offset<19>     |new_pc<1>      |   13.955|
offset<19>     |new_pc<2>      |   14.097|
offset<19>     |new_pc<3>      |   14.154|
offset<19>     |new_pc<4>      |   13.919|
offset<19>     |new_pc<5>      |   13.970|
offset<19>     |new_pc<6>      |   13.785|
offset<19>     |new_pc<7>      |   13.722|
offset<19>     |new_pc<8>      |   13.883|
offset<19>     |new_pc<9>      |   13.658|
offset<19>     |new_pc<10>     |   13.554|
offset<19>     |new_pc<11>     |   13.611|
offset<19>     |new_pc<12>     |   12.929|
offset<19>     |new_pc<13>     |   12.706|
offset<19>     |new_pc<14>     |   12.688|
offset<19>     |new_pc<15>     |   12.793|
offset<19>     |new_pc<16>     |   12.753|
offset<19>     |new_pc<17>     |   12.535|
offset<19>     |new_pc<18>     |   12.593|
offset<19>     |new_pc<19>     |   12.567|
offset<20>     |new_pc<0>      |   14.809|
offset<20>     |new_pc<1>      |   14.620|
offset<20>     |new_pc<2>      |   14.762|
offset<20>     |new_pc<3>      |   14.819|
offset<20>     |new_pc<4>      |   14.584|
offset<20>     |new_pc<5>      |   14.635|
offset<20>     |new_pc<6>      |   14.450|
offset<20>     |new_pc<7>      |   14.387|
offset<20>     |new_pc<8>      |   14.548|
offset<20>     |new_pc<9>      |   14.323|
offset<20>     |new_pc<10>     |   14.219|
offset<20>     |new_pc<11>     |   14.276|
offset<20>     |new_pc<12>     |   13.594|
offset<20>     |new_pc<13>     |   13.371|
offset<20>     |new_pc<14>     |   13.353|
offset<20>     |new_pc<15>     |   13.458|
offset<20>     |new_pc<16>     |   13.452|
offset<20>     |new_pc<17>     |   13.227|
offset<20>     |new_pc<18>     |   13.417|
offset<20>     |new_pc<19>     |   13.377|
offset<20>     |new_pc<20>     |   13.380|
offset<21>     |new_pc<0>      |   14.930|
offset<21>     |new_pc<1>      |   14.741|
offset<21>     |new_pc<2>      |   14.883|
offset<21>     |new_pc<3>      |   14.940|
offset<21>     |new_pc<4>      |   14.705|
offset<21>     |new_pc<5>      |   14.756|
offset<21>     |new_pc<6>      |   14.571|
offset<21>     |new_pc<7>      |   14.508|
offset<21>     |new_pc<8>      |   14.669|
offset<21>     |new_pc<9>      |   14.444|
offset<21>     |new_pc<10>     |   14.340|
offset<21>     |new_pc<11>     |   14.397|
offset<21>     |new_pc<12>     |   13.715|
offset<21>     |new_pc<13>     |   13.492|
offset<21>     |new_pc<14>     |   13.474|
offset<21>     |new_pc<15>     |   13.579|
offset<21>     |new_pc<16>     |   13.573|
offset<21>     |new_pc<17>     |   13.348|
offset<21>     |new_pc<18>     |   13.538|
offset<21>     |new_pc<19>     |   13.498|
offset<21>     |new_pc<20>     |   13.558|
offset<21>     |new_pc<21>     |   13.370|
offset<22>     |new_pc<0>      |   14.813|
offset<22>     |new_pc<1>      |   14.624|
offset<22>     |new_pc<2>      |   14.766|
offset<22>     |new_pc<3>      |   14.823|
offset<22>     |new_pc<4>      |   14.588|
offset<22>     |new_pc<5>      |   14.639|
offset<22>     |new_pc<6>      |   14.454|
offset<22>     |new_pc<7>      |   14.391|
offset<22>     |new_pc<8>      |   14.552|
offset<22>     |new_pc<9>      |   14.327|
offset<22>     |new_pc<10>     |   14.223|
offset<22>     |new_pc<11>     |   14.280|
offset<22>     |new_pc<12>     |   13.598|
offset<22>     |new_pc<13>     |   13.375|
offset<22>     |new_pc<14>     |   13.357|
offset<22>     |new_pc<15>     |   13.462|
offset<22>     |new_pc<16>     |   13.456|
offset<22>     |new_pc<17>     |   13.231|
offset<22>     |new_pc<18>     |   13.421|
offset<22>     |new_pc<19>     |   13.381|
offset<22>     |new_pc<20>     |   13.445|
offset<22>     |new_pc<21>     |   13.253|
offset<22>     |new_pc<22>     |   12.964|
offset<23>     |new_pc<0>      |   14.338|
offset<23>     |new_pc<1>      |   14.149|
offset<23>     |new_pc<2>      |   14.291|
offset<23>     |new_pc<3>      |   14.348|
offset<23>     |new_pc<4>      |   14.113|
offset<23>     |new_pc<5>      |   14.164|
offset<23>     |new_pc<6>      |   13.979|
offset<23>     |new_pc<7>      |   13.916|
offset<23>     |new_pc<8>      |   14.077|
offset<23>     |new_pc<9>      |   13.852|
offset<23>     |new_pc<10>     |   13.748|
offset<23>     |new_pc<11>     |   13.805|
offset<23>     |new_pc<12>     |   13.123|
offset<23>     |new_pc<13>     |   12.900|
offset<23>     |new_pc<14>     |   12.882|
offset<23>     |new_pc<15>     |   12.987|
offset<23>     |new_pc<16>     |   12.981|
offset<23>     |new_pc<17>     |   12.756|
offset<23>     |new_pc<18>     |   12.946|
offset<23>     |new_pc<19>     |   12.906|
offset<23>     |new_pc<20>     |   12.951|
offset<23>     |new_pc<21>     |   12.770|
offset<23>     |new_pc<22>     |   12.566|
offset<23>     |new_pc<23>     |   12.452|
offset<24>     |new_pc<0>      |   15.333|
offset<24>     |new_pc<1>      |   15.144|
offset<24>     |new_pc<2>      |   15.286|
offset<24>     |new_pc<3>      |   15.343|
offset<24>     |new_pc<4>      |   15.108|
offset<24>     |new_pc<5>      |   15.159|
offset<24>     |new_pc<6>      |   14.974|
offset<24>     |new_pc<7>      |   14.911|
offset<24>     |new_pc<8>      |   15.072|
offset<24>     |new_pc<9>      |   14.847|
offset<24>     |new_pc<10>     |   14.743|
offset<24>     |new_pc<11>     |   14.800|
offset<24>     |new_pc<12>     |   14.118|
offset<24>     |new_pc<13>     |   13.895|
offset<24>     |new_pc<14>     |   13.877|
offset<24>     |new_pc<15>     |   13.982|
offset<24>     |new_pc<16>     |   13.976|
offset<24>     |new_pc<17>     |   13.751|
offset<24>     |new_pc<18>     |   13.941|
offset<24>     |new_pc<19>     |   13.901|
offset<24>     |new_pc<20>     |   13.980|
offset<24>     |new_pc<21>     |   13.792|
offset<24>     |new_pc<22>     |   13.720|
offset<24>     |new_pc<23>     |   13.592|
offset<24>     |new_pc<24>     |   13.748|
offset<25>     |new_pc<0>      |   14.622|
offset<25>     |new_pc<1>      |   14.433|
offset<25>     |new_pc<2>      |   14.575|
offset<25>     |new_pc<3>      |   14.632|
offset<25>     |new_pc<4>      |   14.397|
offset<25>     |new_pc<5>      |   14.448|
offset<25>     |new_pc<6>      |   14.263|
offset<25>     |new_pc<7>      |   14.200|
offset<25>     |new_pc<8>      |   14.361|
offset<25>     |new_pc<9>      |   14.136|
offset<25>     |new_pc<10>     |   14.032|
offset<25>     |new_pc<11>     |   14.089|
offset<25>     |new_pc<12>     |   13.407|
offset<25>     |new_pc<13>     |   13.184|
offset<25>     |new_pc<14>     |   13.166|
offset<25>     |new_pc<15>     |   13.271|
offset<25>     |new_pc<16>     |   13.265|
offset<25>     |new_pc<17>     |   13.040|
offset<25>     |new_pc<18>     |   13.230|
offset<25>     |new_pc<19>     |   13.190|
offset<25>     |new_pc<20>     |   13.269|
offset<25>     |new_pc<21>     |   13.081|
offset<25>     |new_pc<22>     |   13.009|
offset<25>     |new_pc<23>     |   12.881|
offset<25>     |new_pc<24>     |   13.094|
offset<25>     |new_pc<25>     |   12.866|
offset<26>     |new_pc<0>      |   14.688|
offset<26>     |new_pc<1>      |   14.499|
offset<26>     |new_pc<2>      |   14.641|
offset<26>     |new_pc<3>      |   14.698|
offset<26>     |new_pc<4>      |   14.463|
offset<26>     |new_pc<5>      |   14.514|
offset<26>     |new_pc<6>      |   14.329|
offset<26>     |new_pc<7>      |   14.266|
offset<26>     |new_pc<8>      |   14.427|
offset<26>     |new_pc<9>      |   14.202|
offset<26>     |new_pc<10>     |   14.098|
offset<26>     |new_pc<11>     |   14.155|
offset<26>     |new_pc<12>     |   13.473|
offset<26>     |new_pc<13>     |   13.250|
offset<26>     |new_pc<14>     |   13.232|
offset<26>     |new_pc<15>     |   13.337|
offset<26>     |new_pc<16>     |   13.331|
offset<26>     |new_pc<17>     |   13.106|
offset<26>     |new_pc<18>     |   13.296|
offset<26>     |new_pc<19>     |   13.256|
offset<26>     |new_pc<20>     |   13.335|
offset<26>     |new_pc<21>     |   13.147|
offset<26>     |new_pc<22>     |   13.075|
offset<26>     |new_pc<23>     |   12.947|
offset<26>     |new_pc<24>     |   13.164|
offset<26>     |new_pc<25>     |   12.932|
offset<26>     |new_pc<26>     |   12.883|
offset<27>     |new_pc<0>      |   14.948|
offset<27>     |new_pc<1>      |   14.759|
offset<27>     |new_pc<2>      |   14.901|
offset<27>     |new_pc<3>      |   14.958|
offset<27>     |new_pc<4>      |   14.723|
offset<27>     |new_pc<5>      |   14.774|
offset<27>     |new_pc<6>      |   14.589|
offset<27>     |new_pc<7>      |   14.526|
offset<27>     |new_pc<8>      |   14.687|
offset<27>     |new_pc<9>      |   14.462|
offset<27>     |new_pc<10>     |   14.358|
offset<27>     |new_pc<11>     |   14.415|
offset<27>     |new_pc<12>     |   13.733|
offset<27>     |new_pc<13>     |   13.510|
offset<27>     |new_pc<14>     |   13.492|
offset<27>     |new_pc<15>     |   13.597|
offset<27>     |new_pc<16>     |   13.591|
offset<27>     |new_pc<17>     |   13.366|
offset<27>     |new_pc<18>     |   13.556|
offset<27>     |new_pc<19>     |   13.516|
offset<27>     |new_pc<20>     |   13.595|
offset<27>     |new_pc<21>     |   13.407|
offset<27>     |new_pc<22>     |   13.335|
offset<27>     |new_pc<23>     |   13.207|
offset<27>     |new_pc<24>     |   13.405|
offset<27>     |new_pc<25>     |   13.184|
offset<27>     |new_pc<26>     |   13.220|
offset<27>     |new_pc<27>     |   13.291|
offset<28>     |new_pc<0>      |   15.052|
offset<28>     |new_pc<1>      |   14.863|
offset<28>     |new_pc<2>      |   15.005|
offset<28>     |new_pc<3>      |   15.062|
offset<28>     |new_pc<4>      |   14.827|
offset<28>     |new_pc<5>      |   14.878|
offset<28>     |new_pc<6>      |   14.693|
offset<28>     |new_pc<7>      |   14.630|
offset<28>     |new_pc<8>      |   14.791|
offset<28>     |new_pc<9>      |   14.566|
offset<28>     |new_pc<10>     |   14.462|
offset<28>     |new_pc<11>     |   14.519|
offset<28>     |new_pc<12>     |   13.837|
offset<28>     |new_pc<13>     |   13.614|
offset<28>     |new_pc<14>     |   13.596|
offset<28>     |new_pc<15>     |   13.701|
offset<28>     |new_pc<16>     |   13.695|
offset<28>     |new_pc<17>     |   13.470|
offset<28>     |new_pc<18>     |   13.660|
offset<28>     |new_pc<19>     |   13.620|
offset<28>     |new_pc<20>     |   13.699|
offset<28>     |new_pc<21>     |   13.511|
offset<28>     |new_pc<22>     |   13.439|
offset<28>     |new_pc<23>     |   13.311|
offset<28>     |new_pc<24>     |   13.543|
offset<28>     |new_pc<25>     |   13.315|
offset<28>     |new_pc<26>     |   13.483|
offset<28>     |new_pc<27>     |   13.540|
offset<28>     |new_pc<28>     |   13.298|
offset<29>     |new_pc<0>      |   14.926|
offset<29>     |new_pc<1>      |   14.737|
offset<29>     |new_pc<2>      |   14.879|
offset<29>     |new_pc<3>      |   14.936|
offset<29>     |new_pc<4>      |   14.701|
offset<29>     |new_pc<5>      |   14.752|
offset<29>     |new_pc<6>      |   14.567|
offset<29>     |new_pc<7>      |   14.504|
offset<29>     |new_pc<8>      |   14.665|
offset<29>     |new_pc<9>      |   14.440|
offset<29>     |new_pc<10>     |   14.336|
offset<29>     |new_pc<11>     |   14.393|
offset<29>     |new_pc<12>     |   13.711|
offset<29>     |new_pc<13>     |   13.488|
offset<29>     |new_pc<14>     |   13.470|
offset<29>     |new_pc<15>     |   13.575|
offset<29>     |new_pc<16>     |   13.569|
offset<29>     |new_pc<17>     |   13.344|
offset<29>     |new_pc<18>     |   13.534|
offset<29>     |new_pc<19>     |   13.494|
offset<29>     |new_pc<20>     |   13.573|
offset<29>     |new_pc<21>     |   13.385|
offset<29>     |new_pc<22>     |   13.313|
offset<29>     |new_pc<23>     |   13.185|
offset<29>     |new_pc<24>     |   13.417|
offset<29>     |new_pc<25>     |   13.189|
offset<29>     |new_pc<26>     |   13.357|
offset<29>     |new_pc<27>     |   13.414|
offset<29>     |new_pc<28>     |   13.229|
offset<29>     |new_pc<29>     |   13.041|
offset<30>     |new_pc<0>      |   14.827|
offset<30>     |new_pc<1>      |   14.638|
offset<30>     |new_pc<2>      |   14.780|
offset<30>     |new_pc<3>      |   14.837|
offset<30>     |new_pc<4>      |   14.602|
offset<30>     |new_pc<5>      |   14.653|
offset<30>     |new_pc<6>      |   14.468|
offset<30>     |new_pc<7>      |   14.405|
offset<30>     |new_pc<8>      |   14.566|
offset<30>     |new_pc<9>      |   14.341|
offset<30>     |new_pc<10>     |   14.237|
offset<30>     |new_pc<11>     |   14.294|
offset<30>     |new_pc<12>     |   13.612|
offset<30>     |new_pc<13>     |   13.389|
offset<30>     |new_pc<14>     |   13.371|
offset<30>     |new_pc<15>     |   13.476|
offset<30>     |new_pc<16>     |   13.470|
offset<30>     |new_pc<17>     |   13.245|
offset<30>     |new_pc<18>     |   13.435|
offset<30>     |new_pc<19>     |   13.395|
offset<30>     |new_pc<20>     |   13.474|
offset<30>     |new_pc<21>     |   13.286|
offset<30>     |new_pc<22>     |   13.214|
offset<30>     |new_pc<23>     |   13.086|
offset<30>     |new_pc<24>     |   13.318|
offset<30>     |new_pc<25>     |   13.090|
offset<30>     |new_pc<26>     |   13.258|
offset<30>     |new_pc<27>     |   13.315|
offset<30>     |new_pc<28>     |   13.134|
offset<30>     |new_pc<29>     |   12.942|
offset<30>     |new_pc<30>     |   12.813|
offset<31>     |new_pc<0>      |   15.038|
offset<31>     |new_pc<1>      |   14.849|
offset<31>     |new_pc<2>      |   14.991|
offset<31>     |new_pc<3>      |   15.048|
offset<31>     |new_pc<4>      |   14.813|
offset<31>     |new_pc<5>      |   14.864|
offset<31>     |new_pc<6>      |   14.679|
offset<31>     |new_pc<7>      |   14.616|
offset<31>     |new_pc<8>      |   14.777|
offset<31>     |new_pc<9>      |   14.552|
offset<31>     |new_pc<10>     |   14.448|
offset<31>     |new_pc<11>     |   14.505|
offset<31>     |new_pc<12>     |   13.823|
offset<31>     |new_pc<13>     |   13.600|
offset<31>     |new_pc<14>     |   13.582|
offset<31>     |new_pc<15>     |   13.687|
offset<31>     |new_pc<16>     |   13.681|
offset<31>     |new_pc<17>     |   13.456|
offset<31>     |new_pc<18>     |   13.646|
offset<31>     |new_pc<19>     |   13.606|
offset<31>     |new_pc<20>     |   13.685|
offset<31>     |new_pc<21>     |   13.497|
offset<31>     |new_pc<22>     |   13.425|
offset<31>     |new_pc<23>     |   13.297|
offset<31>     |new_pc<24>     |   13.529|
offset<31>     |new_pc<25>     |   13.301|
offset<31>     |new_pc<26>     |   13.469|
offset<31>     |new_pc<27>     |   13.526|
offset<31>     |new_pc<28>     |   13.326|
offset<31>     |new_pc<29>     |   13.145|
offset<31>     |new_pc<30>     |   13.101|
offset<31>     |new_pc<31>     |   13.070|
old_pc<0>      |new_pc<0>      |   13.570|
old_pc<1>      |new_pc<0>      |   13.695|
old_pc<1>      |new_pc<1>      |   13.506|
old_pc<2>      |new_pc<0>      |   13.267|
old_pc<2>      |new_pc<1>      |   13.074|
old_pc<2>      |new_pc<2>      |   12.999|
old_pc<3>      |new_pc<0>      |   14.153|
old_pc<3>      |new_pc<1>      |   13.971|
old_pc<3>      |new_pc<2>      |   13.981|
old_pc<3>      |new_pc<3>      |   14.052|
old_pc<4>      |new_pc<0>      |   13.494|
old_pc<4>      |new_pc<1>      |   13.305|
old_pc<4>      |new_pc<2>      |   13.447|
old_pc<4>      |new_pc<3>      |   13.504|
old_pc<4>      |new_pc<4>      |   13.193|
old_pc<5>      |new_pc<0>      |   13.440|
old_pc<5>      |new_pc<1>      |   13.251|
old_pc<5>      |new_pc<2>      |   13.393|
old_pc<5>      |new_pc<3>      |   13.450|
old_pc<5>      |new_pc<4>      |   13.196|
old_pc<5>      |new_pc<5>      |   13.247|
old_pc<6>      |new_pc<0>      |   14.639|
old_pc<6>      |new_pc<1>      |   14.450|
old_pc<6>      |new_pc<2>      |   14.592|
old_pc<6>      |new_pc<3>      |   14.649|
old_pc<6>      |new_pc<4>      |   14.434|
old_pc<6>      |new_pc<5>      |   14.499|
old_pc<6>      |new_pc<6>      |   14.003|
old_pc<7>      |new_pc<0>      |   13.807|
old_pc<7>      |new_pc<1>      |   13.618|
old_pc<7>      |new_pc<2>      |   13.760|
old_pc<7>      |new_pc<3>      |   13.817|
old_pc<7>      |new_pc<4>      |   13.548|
old_pc<7>      |new_pc<5>      |   13.606|
old_pc<7>      |new_pc<6>      |   13.289|
old_pc<7>      |new_pc<7>      |   13.240|
old_pc<8>      |new_pc<0>      |   13.395|
old_pc<8>      |new_pc<1>      |   13.206|
old_pc<8>      |new_pc<2>      |   13.348|
old_pc<8>      |new_pc<3>      |   13.405|
old_pc<8>      |new_pc<4>      |   13.170|
old_pc<8>      |new_pc<5>      |   13.221|
old_pc<8>      |new_pc<6>      |   13.036|
old_pc<8>      |new_pc<7>      |   12.973|
old_pc<8>      |new_pc<8>      |   13.020|
old_pc<9>      |new_pc<0>      |   13.788|
old_pc<9>      |new_pc<1>      |   13.599|
old_pc<9>      |new_pc<2>      |   13.741|
old_pc<9>      |new_pc<3>      |   13.798|
old_pc<9>      |new_pc<4>      |   13.563|
old_pc<9>      |new_pc<5>      |   13.614|
old_pc<9>      |new_pc<6>      |   13.429|
old_pc<9>      |new_pc<7>      |   13.366|
old_pc<9>      |new_pc<8>      |   13.508|
old_pc<9>      |new_pc<9>      |   13.283|
old_pc<10>     |new_pc<0>      |   13.869|
old_pc<10>     |new_pc<1>      |   13.680|
old_pc<10>     |new_pc<2>      |   13.822|
old_pc<10>     |new_pc<3>      |   13.879|
old_pc<10>     |new_pc<4>      |   13.644|
old_pc<10>     |new_pc<5>      |   13.695|
old_pc<10>     |new_pc<6>      |   13.510|
old_pc<10>     |new_pc<7>      |   13.447|
old_pc<10>     |new_pc<8>      |   13.628|
old_pc<10>     |new_pc<9>      |   13.417|
old_pc<10>     |new_pc<10>     |   13.002|
old_pc<11>     |new_pc<0>      |   13.036|
old_pc<11>     |new_pc<1>      |   12.847|
old_pc<11>     |new_pc<2>      |   12.989|
old_pc<11>     |new_pc<3>      |   13.046|
old_pc<11>     |new_pc<4>      |   12.811|
old_pc<11>     |new_pc<5>      |   12.862|
old_pc<11>     |new_pc<6>      |   12.677|
old_pc<11>     |new_pc<7>      |   12.614|
old_pc<11>     |new_pc<8>      |   12.741|
old_pc<11>     |new_pc<9>      |   12.523|
old_pc<11>     |new_pc<10>     |   12.287|
old_pc<11>     |new_pc<11>     |   12.358|
old_pc<12>     |new_pc<0>      |   13.506|
old_pc<12>     |new_pc<1>      |   13.317|
old_pc<12>     |new_pc<2>      |   13.459|
old_pc<12>     |new_pc<3>      |   13.516|
old_pc<12>     |new_pc<4>      |   13.281|
old_pc<12>     |new_pc<5>      |   13.332|
old_pc<12>     |new_pc<6>      |   13.147|
old_pc<12>     |new_pc<7>      |   13.084|
old_pc<12>     |new_pc<8>      |   13.245|
old_pc<12>     |new_pc<9>      |   13.020|
old_pc<12>     |new_pc<10>     |   12.916|
old_pc<12>     |new_pc<11>     |   12.973|
old_pc<12>     |new_pc<12>     |   12.103|
old_pc<13>     |new_pc<0>      |   13.411|
old_pc<13>     |new_pc<1>      |   13.222|
old_pc<13>     |new_pc<2>      |   13.364|
old_pc<13>     |new_pc<3>      |   13.421|
old_pc<13>     |new_pc<4>      |   13.186|
old_pc<13>     |new_pc<5>      |   13.237|
old_pc<13>     |new_pc<6>      |   13.052|
old_pc<13>     |new_pc<7>      |   12.989|
old_pc<13>     |new_pc<8>      |   13.150|
old_pc<13>     |new_pc<9>      |   12.925|
old_pc<13>     |new_pc<10>     |   12.821|
old_pc<13>     |new_pc<11>     |   12.878|
old_pc<13>     |new_pc<12>     |   12.177|
old_pc<13>     |new_pc<13>     |   11.954|
old_pc<14>     |new_pc<0>      |   13.695|
old_pc<14>     |new_pc<1>      |   13.506|
old_pc<14>     |new_pc<2>      |   13.648|
old_pc<14>     |new_pc<3>      |   13.705|
old_pc<14>     |new_pc<4>      |   13.470|
old_pc<14>     |new_pc<5>      |   13.521|
old_pc<14>     |new_pc<6>      |   13.336|
old_pc<14>     |new_pc<7>      |   13.273|
old_pc<14>     |new_pc<8>      |   13.434|
old_pc<14>     |new_pc<9>      |   13.209|
old_pc<14>     |new_pc<10>     |   13.105|
old_pc<14>     |new_pc<11>     |   13.162|
old_pc<14>     |new_pc<12>     |   12.465|
old_pc<14>     |new_pc<13>     |   12.238|
old_pc<14>     |new_pc<14>     |   12.003|
old_pc<15>     |new_pc<0>      |   13.965|
old_pc<15>     |new_pc<1>      |   13.776|
old_pc<15>     |new_pc<2>      |   13.918|
old_pc<15>     |new_pc<3>      |   13.975|
old_pc<15>     |new_pc<4>      |   13.740|
old_pc<15>     |new_pc<5>      |   13.791|
old_pc<15>     |new_pc<6>      |   13.606|
old_pc<15>     |new_pc<7>      |   13.543|
old_pc<15>     |new_pc<8>      |   13.704|
old_pc<15>     |new_pc<9>      |   13.479|
old_pc<15>     |new_pc<10>     |   13.375|
old_pc<15>     |new_pc<11>     |   13.432|
old_pc<15>     |new_pc<12>     |   12.716|
old_pc<15>     |new_pc<13>     |   12.500|
old_pc<15>     |new_pc<14>     |   12.350|
old_pc<15>     |new_pc<15>     |   12.469|
old_pc<16>     |new_pc<0>      |   13.997|
old_pc<16>     |new_pc<1>      |   13.808|
old_pc<16>     |new_pc<2>      |   13.950|
old_pc<16>     |new_pc<3>      |   14.007|
old_pc<16>     |new_pc<4>      |   13.772|
old_pc<16>     |new_pc<5>      |   13.823|
old_pc<16>     |new_pc<6>      |   13.638|
old_pc<16>     |new_pc<7>      |   13.575|
old_pc<16>     |new_pc<8>      |   13.736|
old_pc<16>     |new_pc<9>      |   13.511|
old_pc<16>     |new_pc<10>     |   13.407|
old_pc<16>     |new_pc<11>     |   13.464|
old_pc<16>     |new_pc<12>     |   12.782|
old_pc<16>     |new_pc<13>     |   12.559|
old_pc<16>     |new_pc<14>     |   12.541|
old_pc<16>     |new_pc<15>     |   12.646|
old_pc<16>     |new_pc<16>     |   12.564|
old_pc<17>     |new_pc<0>      |   13.328|
old_pc<17>     |new_pc<1>      |   13.139|
old_pc<17>     |new_pc<2>      |   13.281|
old_pc<17>     |new_pc<3>      |   13.338|
old_pc<17>     |new_pc<4>      |   13.103|
old_pc<17>     |new_pc<5>      |   13.154|
old_pc<17>     |new_pc<6>      |   12.969|
old_pc<17>     |new_pc<7>      |   12.906|
old_pc<17>     |new_pc<8>      |   13.067|
old_pc<17>     |new_pc<9>      |   12.842|
old_pc<17>     |new_pc<10>     |   12.738|
old_pc<17>     |new_pc<11>     |   12.795|
old_pc<17>     |new_pc<12>     |   12.113|
old_pc<17>     |new_pc<13>     |   11.890|
old_pc<17>     |new_pc<14>     |   11.872|
old_pc<17>     |new_pc<15>     |   11.977|
old_pc<17>     |new_pc<16>     |   11.952|
old_pc<17>     |new_pc<17>     |   11.727|
old_pc<18>     |new_pc<0>      |   13.205|
old_pc<18>     |new_pc<1>      |   13.016|
old_pc<18>     |new_pc<2>      |   13.158|
old_pc<18>     |new_pc<3>      |   13.215|
old_pc<18>     |new_pc<4>      |   12.980|
old_pc<18>     |new_pc<5>      |   13.031|
old_pc<18>     |new_pc<6>      |   12.846|
old_pc<18>     |new_pc<7>      |   12.783|
old_pc<18>     |new_pc<8>      |   12.944|
old_pc<18>     |new_pc<9>      |   12.719|
old_pc<18>     |new_pc<10>     |   12.615|
old_pc<18>     |new_pc<11>     |   12.672|
old_pc<18>     |new_pc<12>     |   11.990|
old_pc<18>     |new_pc<13>     |   11.767|
old_pc<18>     |new_pc<14>     |   11.749|
old_pc<18>     |new_pc<15>     |   11.854|
old_pc<18>     |new_pc<16>     |   11.833|
old_pc<18>     |new_pc<17>     |   11.604|
old_pc<18>     |new_pc<18>     |   11.577|
old_pc<19>     |new_pc<0>      |   13.986|
old_pc<19>     |new_pc<1>      |   13.797|
old_pc<19>     |new_pc<2>      |   13.939|
old_pc<19>     |new_pc<3>      |   13.996|
old_pc<19>     |new_pc<4>      |   13.761|
old_pc<19>     |new_pc<5>      |   13.812|
old_pc<19>     |new_pc<6>      |   13.627|
old_pc<19>     |new_pc<7>      |   13.564|
old_pc<19>     |new_pc<8>      |   13.725|
old_pc<19>     |new_pc<9>      |   13.500|
old_pc<19>     |new_pc<10>     |   13.396|
old_pc<19>     |new_pc<11>     |   13.453|
old_pc<19>     |new_pc<12>     |   12.771|
old_pc<19>     |new_pc<13>     |   12.548|
old_pc<19>     |new_pc<14>     |   12.530|
old_pc<19>     |new_pc<15>     |   12.635|
old_pc<19>     |new_pc<16>     |   12.595|
old_pc<19>     |new_pc<17>     |   12.377|
old_pc<19>     |new_pc<18>     |   12.435|
old_pc<19>     |new_pc<19>     |   12.409|
old_pc<20>     |new_pc<0>      |   13.553|
old_pc<20>     |new_pc<1>      |   13.364|
old_pc<20>     |new_pc<2>      |   13.506|
old_pc<20>     |new_pc<3>      |   13.563|
old_pc<20>     |new_pc<4>      |   13.328|
old_pc<20>     |new_pc<5>      |   13.379|
old_pc<20>     |new_pc<6>      |   13.194|
old_pc<20>     |new_pc<7>      |   13.131|
old_pc<20>     |new_pc<8>      |   13.292|
old_pc<20>     |new_pc<9>      |   13.067|
old_pc<20>     |new_pc<10>     |   12.963|
old_pc<20>     |new_pc<11>     |   13.020|
old_pc<20>     |new_pc<12>     |   12.338|
old_pc<20>     |new_pc<13>     |   12.115|
old_pc<20>     |new_pc<14>     |   12.097|
old_pc<20>     |new_pc<15>     |   12.202|
old_pc<20>     |new_pc<16>     |   12.196|
old_pc<20>     |new_pc<17>     |   11.971|
old_pc<20>     |new_pc<18>     |   12.161|
old_pc<20>     |new_pc<19>     |   12.121|
old_pc<20>     |new_pc<20>     |   12.124|
old_pc<21>     |new_pc<0>      |   13.908|
old_pc<21>     |new_pc<1>      |   13.719|
old_pc<21>     |new_pc<2>      |   13.861|
old_pc<21>     |new_pc<3>      |   13.918|
old_pc<21>     |new_pc<4>      |   13.683|
old_pc<21>     |new_pc<5>      |   13.734|
old_pc<21>     |new_pc<6>      |   13.549|
old_pc<21>     |new_pc<7>      |   13.486|
old_pc<21>     |new_pc<8>      |   13.647|
old_pc<21>     |new_pc<9>      |   13.422|
old_pc<21>     |new_pc<10>     |   13.318|
old_pc<21>     |new_pc<11>     |   13.375|
old_pc<21>     |new_pc<12>     |   12.693|
old_pc<21>     |new_pc<13>     |   12.470|
old_pc<21>     |new_pc<14>     |   12.452|
old_pc<21>     |new_pc<15>     |   12.557|
old_pc<21>     |new_pc<16>     |   12.551|
old_pc<21>     |new_pc<17>     |   12.326|
old_pc<21>     |new_pc<18>     |   12.516|
old_pc<21>     |new_pc<19>     |   12.476|
old_pc<21>     |new_pc<20>     |   12.536|
old_pc<21>     |new_pc<21>     |   12.348|
old_pc<22>     |new_pc<0>      |   13.599|
old_pc<22>     |new_pc<1>      |   13.410|
old_pc<22>     |new_pc<2>      |   13.552|
old_pc<22>     |new_pc<3>      |   13.609|
old_pc<22>     |new_pc<4>      |   13.374|
old_pc<22>     |new_pc<5>      |   13.425|
old_pc<22>     |new_pc<6>      |   13.240|
old_pc<22>     |new_pc<7>      |   13.177|
old_pc<22>     |new_pc<8>      |   13.338|
old_pc<22>     |new_pc<9>      |   13.113|
old_pc<22>     |new_pc<10>     |   13.009|
old_pc<22>     |new_pc<11>     |   13.066|
old_pc<22>     |new_pc<12>     |   12.384|
old_pc<22>     |new_pc<13>     |   12.161|
old_pc<22>     |new_pc<14>     |   12.143|
old_pc<22>     |new_pc<15>     |   12.248|
old_pc<22>     |new_pc<16>     |   12.242|
old_pc<22>     |new_pc<17>     |   12.017|
old_pc<22>     |new_pc<18>     |   12.207|
old_pc<22>     |new_pc<19>     |   12.167|
old_pc<22>     |new_pc<20>     |   12.266|
old_pc<22>     |new_pc<21>     |   12.092|
old_pc<22>     |new_pc<22>     |   11.709|
old_pc<23>     |new_pc<0>      |   13.751|
old_pc<23>     |new_pc<1>      |   13.562|
old_pc<23>     |new_pc<2>      |   13.704|
old_pc<23>     |new_pc<3>      |   13.761|
old_pc<23>     |new_pc<4>      |   13.526|
old_pc<23>     |new_pc<5>      |   13.577|
old_pc<23>     |new_pc<6>      |   13.392|
old_pc<23>     |new_pc<7>      |   13.329|
old_pc<23>     |new_pc<8>      |   13.490|
old_pc<23>     |new_pc<9>      |   13.265|
old_pc<23>     |new_pc<10>     |   13.161|
old_pc<23>     |new_pc<11>     |   13.218|
old_pc<23>     |new_pc<12>     |   12.536|
old_pc<23>     |new_pc<13>     |   12.313|
old_pc<23>     |new_pc<14>     |   12.295|
old_pc<23>     |new_pc<15>     |   12.400|
old_pc<23>     |new_pc<16>     |   12.394|
old_pc<23>     |new_pc<17>     |   12.169|
old_pc<23>     |new_pc<18>     |   12.359|
old_pc<23>     |new_pc<19>     |   12.319|
old_pc<23>     |new_pc<20>     |   12.364|
old_pc<23>     |new_pc<21>     |   12.183|
old_pc<23>     |new_pc<22>     |   11.979|
old_pc<23>     |new_pc<23>     |   11.865|
old_pc<24>     |new_pc<0>      |   13.802|
old_pc<24>     |new_pc<1>      |   13.613|
old_pc<24>     |new_pc<2>      |   13.755|
old_pc<24>     |new_pc<3>      |   13.812|
old_pc<24>     |new_pc<4>      |   13.577|
old_pc<24>     |new_pc<5>      |   13.628|
old_pc<24>     |new_pc<6>      |   13.443|
old_pc<24>     |new_pc<7>      |   13.380|
old_pc<24>     |new_pc<8>      |   13.541|
old_pc<24>     |new_pc<9>      |   13.316|
old_pc<24>     |new_pc<10>     |   13.212|
old_pc<24>     |new_pc<11>     |   13.269|
old_pc<24>     |new_pc<12>     |   12.587|
old_pc<24>     |new_pc<13>     |   12.364|
old_pc<24>     |new_pc<14>     |   12.346|
old_pc<24>     |new_pc<15>     |   12.451|
old_pc<24>     |new_pc<16>     |   12.445|
old_pc<24>     |new_pc<17>     |   12.220|
old_pc<24>     |new_pc<18>     |   12.410|
old_pc<24>     |new_pc<19>     |   12.370|
old_pc<24>     |new_pc<20>     |   12.449|
old_pc<24>     |new_pc<21>     |   12.261|
old_pc<24>     |new_pc<22>     |   12.189|
old_pc<24>     |new_pc<23>     |   12.061|
old_pc<24>     |new_pc<24>     |   12.217|
old_pc<25>     |new_pc<0>      |   13.742|
old_pc<25>     |new_pc<1>      |   13.553|
old_pc<25>     |new_pc<2>      |   13.695|
old_pc<25>     |new_pc<3>      |   13.752|
old_pc<25>     |new_pc<4>      |   13.517|
old_pc<25>     |new_pc<5>      |   13.568|
old_pc<25>     |new_pc<6>      |   13.383|
old_pc<25>     |new_pc<7>      |   13.320|
old_pc<25>     |new_pc<8>      |   13.481|
old_pc<25>     |new_pc<9>      |   13.256|
old_pc<25>     |new_pc<10>     |   13.152|
old_pc<25>     |new_pc<11>     |   13.209|
old_pc<25>     |new_pc<12>     |   12.527|
old_pc<25>     |new_pc<13>     |   12.304|
old_pc<25>     |new_pc<14>     |   12.286|
old_pc<25>     |new_pc<15>     |   12.391|
old_pc<25>     |new_pc<16>     |   12.385|
old_pc<25>     |new_pc<17>     |   12.160|
old_pc<25>     |new_pc<18>     |   12.350|
old_pc<25>     |new_pc<19>     |   12.310|
old_pc<25>     |new_pc<20>     |   12.389|
old_pc<25>     |new_pc<21>     |   12.201|
old_pc<25>     |new_pc<22>     |   12.129|
old_pc<25>     |new_pc<23>     |   12.001|
old_pc<25>     |new_pc<24>     |   12.214|
old_pc<25>     |new_pc<25>     |   11.986|
old_pc<26>     |new_pc<0>      |   13.659|
old_pc<26>     |new_pc<1>      |   13.470|
old_pc<26>     |new_pc<2>      |   13.612|
old_pc<26>     |new_pc<3>      |   13.669|
old_pc<26>     |new_pc<4>      |   13.434|
old_pc<26>     |new_pc<5>      |   13.485|
old_pc<26>     |new_pc<6>      |   13.300|
old_pc<26>     |new_pc<7>      |   13.237|
old_pc<26>     |new_pc<8>      |   13.398|
old_pc<26>     |new_pc<9>      |   13.173|
old_pc<26>     |new_pc<10>     |   13.069|
old_pc<26>     |new_pc<11>     |   13.126|
old_pc<26>     |new_pc<12>     |   12.444|
old_pc<26>     |new_pc<13>     |   12.221|
old_pc<26>     |new_pc<14>     |   12.203|
old_pc<26>     |new_pc<15>     |   12.308|
old_pc<26>     |new_pc<16>     |   12.302|
old_pc<26>     |new_pc<17>     |   12.077|
old_pc<26>     |new_pc<18>     |   12.267|
old_pc<26>     |new_pc<19>     |   12.227|
old_pc<26>     |new_pc<20>     |   12.306|
old_pc<26>     |new_pc<21>     |   12.118|
old_pc<26>     |new_pc<22>     |   12.046|
old_pc<26>     |new_pc<23>     |   11.918|
old_pc<26>     |new_pc<24>     |   12.170|
old_pc<26>     |new_pc<25>     |   11.956|
old_pc<26>     |new_pc<26>     |   11.813|
old_pc<27>     |new_pc<0>      |   13.910|
old_pc<27>     |new_pc<1>      |   13.721|
old_pc<27>     |new_pc<2>      |   13.863|
old_pc<27>     |new_pc<3>      |   13.920|
old_pc<27>     |new_pc<4>      |   13.685|
old_pc<27>     |new_pc<5>      |   13.736|
old_pc<27>     |new_pc<6>      |   13.551|
old_pc<27>     |new_pc<7>      |   13.488|
old_pc<27>     |new_pc<8>      |   13.649|
old_pc<27>     |new_pc<9>      |   13.424|
old_pc<27>     |new_pc<10>     |   13.320|
old_pc<27>     |new_pc<11>     |   13.377|
old_pc<27>     |new_pc<12>     |   12.695|
old_pc<27>     |new_pc<13>     |   12.472|
old_pc<27>     |new_pc<14>     |   12.454|
old_pc<27>     |new_pc<15>     |   12.559|
old_pc<27>     |new_pc<16>     |   12.553|
old_pc<27>     |new_pc<17>     |   12.328|
old_pc<27>     |new_pc<18>     |   12.518|
old_pc<27>     |new_pc<19>     |   12.478|
old_pc<27>     |new_pc<20>     |   12.557|
old_pc<27>     |new_pc<21>     |   12.369|
old_pc<27>     |new_pc<22>     |   12.297|
old_pc<27>     |new_pc<23>     |   12.169|
old_pc<27>     |new_pc<24>     |   12.367|
old_pc<27>     |new_pc<25>     |   12.146|
old_pc<27>     |new_pc<26>     |   12.182|
old_pc<27>     |new_pc<27>     |   12.253|
old_pc<28>     |new_pc<0>      |   13.937|
old_pc<28>     |new_pc<1>      |   13.748|
old_pc<28>     |new_pc<2>      |   13.890|
old_pc<28>     |new_pc<3>      |   13.947|
old_pc<28>     |new_pc<4>      |   13.712|
old_pc<28>     |new_pc<5>      |   13.763|
old_pc<28>     |new_pc<6>      |   13.578|
old_pc<28>     |new_pc<7>      |   13.515|
old_pc<28>     |new_pc<8>      |   13.676|
old_pc<28>     |new_pc<9>      |   13.451|
old_pc<28>     |new_pc<10>     |   13.347|
old_pc<28>     |new_pc<11>     |   13.404|
old_pc<28>     |new_pc<12>     |   12.722|
old_pc<28>     |new_pc<13>     |   12.499|
old_pc<28>     |new_pc<14>     |   12.481|
old_pc<28>     |new_pc<15>     |   12.586|
old_pc<28>     |new_pc<16>     |   12.580|
old_pc<28>     |new_pc<17>     |   12.355|
old_pc<28>     |new_pc<18>     |   12.545|
old_pc<28>     |new_pc<19>     |   12.505|
old_pc<28>     |new_pc<20>     |   12.584|
old_pc<28>     |new_pc<21>     |   12.396|
old_pc<28>     |new_pc<22>     |   12.324|
old_pc<28>     |new_pc<23>     |   12.196|
old_pc<28>     |new_pc<24>     |   12.428|
old_pc<28>     |new_pc<25>     |   12.200|
old_pc<28>     |new_pc<26>     |   12.368|
old_pc<28>     |new_pc<27>     |   12.425|
old_pc<28>     |new_pc<28>     |   12.183|
old_pc<29>     |new_pc<0>      |   13.849|
old_pc<29>     |new_pc<1>      |   13.660|
old_pc<29>     |new_pc<2>      |   13.802|
old_pc<29>     |new_pc<3>      |   13.859|
old_pc<29>     |new_pc<4>      |   13.624|
old_pc<29>     |new_pc<5>      |   13.675|
old_pc<29>     |new_pc<6>      |   13.490|
old_pc<29>     |new_pc<7>      |   13.427|
old_pc<29>     |new_pc<8>      |   13.588|
old_pc<29>     |new_pc<9>      |   13.363|
old_pc<29>     |new_pc<10>     |   13.259|
old_pc<29>     |new_pc<11>     |   13.316|
old_pc<29>     |new_pc<12>     |   12.634|
old_pc<29>     |new_pc<13>     |   12.411|
old_pc<29>     |new_pc<14>     |   12.393|
old_pc<29>     |new_pc<15>     |   12.498|
old_pc<29>     |new_pc<16>     |   12.492|
old_pc<29>     |new_pc<17>     |   12.267|
old_pc<29>     |new_pc<18>     |   12.457|
old_pc<29>     |new_pc<19>     |   12.417|
old_pc<29>     |new_pc<20>     |   12.496|
old_pc<29>     |new_pc<21>     |   12.308|
old_pc<29>     |new_pc<22>     |   12.236|
old_pc<29>     |new_pc<23>     |   12.108|
old_pc<29>     |new_pc<24>     |   12.340|
old_pc<29>     |new_pc<25>     |   12.112|
old_pc<29>     |new_pc<26>     |   12.280|
old_pc<29>     |new_pc<27>     |   12.337|
old_pc<29>     |new_pc<28>     |   12.152|
old_pc<29>     |new_pc<29>     |   11.964|
old_pc<30>     |new_pc<0>      |   14.482|
old_pc<30>     |new_pc<1>      |   14.293|
old_pc<30>     |new_pc<2>      |   14.435|
old_pc<30>     |new_pc<3>      |   14.492|
old_pc<30>     |new_pc<4>      |   14.257|
old_pc<30>     |new_pc<5>      |   14.308|
old_pc<30>     |new_pc<6>      |   14.123|
old_pc<30>     |new_pc<7>      |   14.060|
old_pc<30>     |new_pc<8>      |   14.221|
old_pc<30>     |new_pc<9>      |   13.996|
old_pc<30>     |new_pc<10>     |   13.892|
old_pc<30>     |new_pc<11>     |   13.949|
old_pc<30>     |new_pc<12>     |   13.267|
old_pc<30>     |new_pc<13>     |   13.044|
old_pc<30>     |new_pc<14>     |   13.026|
old_pc<30>     |new_pc<15>     |   13.131|
old_pc<30>     |new_pc<16>     |   13.125|
old_pc<30>     |new_pc<17>     |   12.900|
old_pc<30>     |new_pc<18>     |   13.090|
old_pc<30>     |new_pc<19>     |   13.050|
old_pc<30>     |new_pc<20>     |   13.129|
old_pc<30>     |new_pc<21>     |   12.941|
old_pc<30>     |new_pc<22>     |   12.869|
old_pc<30>     |new_pc<23>     |   12.741|
old_pc<30>     |new_pc<24>     |   12.973|
old_pc<30>     |new_pc<25>     |   12.745|
old_pc<30>     |new_pc<26>     |   12.913|
old_pc<30>     |new_pc<27>     |   12.970|
old_pc<30>     |new_pc<28>     |   12.789|
old_pc<30>     |new_pc<29>     |   12.597|
old_pc<30>     |new_pc<30>     |   12.468|
old_pc<31>     |new_pc<0>      |   14.814|
old_pc<31>     |new_pc<1>      |   14.625|
old_pc<31>     |new_pc<2>      |   14.767|
old_pc<31>     |new_pc<3>      |   14.824|
old_pc<31>     |new_pc<4>      |   14.589|
old_pc<31>     |new_pc<5>      |   14.640|
old_pc<31>     |new_pc<6>      |   14.455|
old_pc<31>     |new_pc<7>      |   14.392|
old_pc<31>     |new_pc<8>      |   14.553|
old_pc<31>     |new_pc<9>      |   14.328|
old_pc<31>     |new_pc<10>     |   14.224|
old_pc<31>     |new_pc<11>     |   14.281|
old_pc<31>     |new_pc<12>     |   13.599|
old_pc<31>     |new_pc<13>     |   13.376|
old_pc<31>     |new_pc<14>     |   13.358|
old_pc<31>     |new_pc<15>     |   13.463|
old_pc<31>     |new_pc<16>     |   13.457|
old_pc<31>     |new_pc<17>     |   13.232|
old_pc<31>     |new_pc<18>     |   13.422|
old_pc<31>     |new_pc<19>     |   13.382|
old_pc<31>     |new_pc<20>     |   13.461|
old_pc<31>     |new_pc<21>     |   13.273|
old_pc<31>     |new_pc<22>     |   13.201|
old_pc<31>     |new_pc<23>     |   13.073|
old_pc<31>     |new_pc<24>     |   13.305|
old_pc<31>     |new_pc<25>     |   13.077|
old_pc<31>     |new_pc<26>     |   13.245|
old_pc<31>     |new_pc<27>     |   13.302|
old_pc<31>     |new_pc<28>     |   13.102|
old_pc<31>     |new_pc<29>     |   12.921|
old_pc<31>     |new_pc<30>     |   12.877|
old_pc<31>     |new_pc<31>     |   12.846|
---------------+---------------+---------+


Analysis completed Sun Mar 03 15:55:06 2013 
--------------------------------------------------------------------------------

Trace Settings:
-------------------------
Trace Settings 

Peak Memory Usage: 221 MB



