Release 14.2 - xst P.28xd (nt)
Copyright (c) 1995-2012 Xilinx, Inc.  All rights reserved.
--> Parameter TMPDIR set to xst/projnav.tmp


Total REAL time to Xst completion: 0.00 secs
Total CPU time to Xst completion: 0.14 secs
 
--> Parameter xsthdpdir set to xst


Total REAL time to Xst completion: 0.00 secs
Total CPU time to Xst completion: 0.14 secs
 
--> Reading design: instruction_fetch.prj

TABLE OF CONTENTS
  1) Synthesis Options Summary
  2) HDL Compilation
  3) Design Hierarchy Analysis
  4) HDL Analysis
  5) HDL Synthesis
     5.1) HDL Synthesis Report
  6) Advanced HDL Synthesis
     6.1) Advanced HDL Synthesis Report
  7) Low Level Synthesis
  8) Partition Report
  9) Final Report
	9.1) Device utilization summary
	9.2) Partition Resource Summary
	9.3) TIMING REPORT


=========================================================================
*                      Synthesis Options Summary                        *
=========================================================================
---- Source Parameters
Input File Name                    : "instruction_fetch.prj"
Input Format                       : mixed
Ignore Synthesis Constraint File   : NO

---- Target Parameters
Output File Name                   : "instruction_fetch"
Output Format                      : NGC
Target Device                      : xc3s100e-5-cp132

---- Source Options
Top Module Name                    : instruction_fetch
Automatic FSM Extraction           : YES
FSM Encoding Algorithm             : Auto
Safe Implementation                : No
FSM Style                          : LUT
RAM Extraction                     : Yes
RAM Style                          : Auto
ROM Extraction                     : Yes
Mux Style                          : Auto
Decoder Extraction                 : YES
Priority Encoder Extraction        : Yes
Shift Register Extraction          : YES
Logical Shifter Extraction         : YES
XOR Collapsing                     : YES
ROM Style                          : Auto
Mux Extraction                     : Yes
Resource Sharing                   : YES
Asynchronous To Synchronous        : NO
Multiplier Style                   : Auto
Automatic Register Balancing       : No

---- Target Options
Add IO Buffers                     : YES
Global Maximum Fanout              : 100000
Add Generic Clock Buffer(BUFG)     : 24
Register Duplication               : YES
Slice Packing                      : YES
Optimize Instantiated Primitives   : NO
Use Clock Enable                   : Yes
Use Synchronous Set                : Yes
Use Synchronous Reset              : Yes
Pack IO Registers into IOBs        : Auto
Equivalent register Removal        : YES

---- General Options
Optimization Goal                  : Speed
Optimization Effort                : 1
Keep Hierarchy                     : No
Netlist Hierarchy                  : As_Optimized
RTL Output                         : Yes
Global Optimization                : AllClockNets
Read Cores                         : YES
Write Timing Constraints           : NO
Cross Clock Analysis               : NO
Hierarchy Separator                : /
Bus Delimiter                      : <>
Case Specifier                     : Maintain
Slice Utilization Ratio            : 100
BRAM Utilization Ratio             : 100
Verilog 2001                       : YES
Auto BRAM Packing                  : NO
Slice Utilization Ratio Delta      : 5

=========================================================================


=========================================================================
*                          HDL Compilation                              *
=========================================================================
Compiling verilog file "sumador.v" in library work
Compiling verilog file "program_memory.v" in library work
Module <sumador> compiled
Compiling verilog file "pc.v" in library work
Module <inst_mem> compiled
Compiling verilog file "Mux.v" in library work
Module <pc> compiled
Compiling verilog file "if_id.v" in library work
Module <mux> compiled
Compiling verilog file "fetch.v" in library work
Module <if_id_reg> compiled
Module <instruction_fetch> compiled
No errors in compilation
Analysis of file <"instruction_fetch.prj"> succeeded.
 

=========================================================================
*                     Design Hierarchy Analysis                         *
=========================================================================
Analyzing hierarchy for module <instruction_fetch> in library <work>.

Analyzing hierarchy for module <mux> in library <work>.

Analyzing hierarchy for module <pc> in library <work>.

Analyzing hierarchy for module <sumador> in library <work>.

Analyzing hierarchy for module <inst_mem> in library <work>.

Analyzing hierarchy for module <if_id_reg> in library <work>.


=========================================================================
*                            HDL Analysis                               *
=========================================================================
Analyzing top module <instruction_fetch>.
Module <instruction_fetch> is correct for synthesis.
 
Analyzing module <mux> in library <work>.
Module <mux> is correct for synthesis.
 
Analyzing module <pc> in library <work>.
Module <pc> is correct for synthesis.
 
Analyzing module <sumador> in library <work>.
Module <sumador> is correct for synthesis.
 
Analyzing module <inst_mem> in library <work>.
Module <inst_mem> is correct for synthesis.
 
Analyzing module <if_id_reg> in library <work>.
Module <if_id_reg> is correct for synthesis.
 

=========================================================================
*                           HDL Synthesis                               *
=========================================================================

Performing bidirectional port resolution...

Synthesizing Unit <mux>.
    Related source file is "Mux.v".
Unit <mux> synthesized.


Synthesizing Unit <pc>.
    Related source file is "pc.v".
    Found 11-bit register for signal <pc_aux>.
    Summary:
	inferred  11 D-type flip-flop(s).
Unit <pc> synthesized.


Synthesizing Unit <sumador>.
    Related source file is "sumador.v".
    Found 11-bit adder for signal <pc_aux>.
    Summary:
	inferred   1 Adder/Subtractor(s).
Unit <sumador> synthesized.


Synthesizing Unit <inst_mem>.
    Related source file is "program_memory.v".
WARNING:Xst:1781 - Signal <memoria> is used but never assigned. Tied to default value.
    Found 2048x32-bit ROM for signal <$varindex0000> created at line 46.
    Found 32-bit register for signal <aux>.
    Summary:
	inferred   1 ROM(s).
	inferred  32 D-type flip-flop(s).
Unit <inst_mem> synthesized.


Synthesizing Unit <if_id_reg>.
    Related source file is "if_id.v".
    Found 32-bit register for signal <out_inst>.
    Found 11-bit register for signal <out_pc>.
    Summary:
	inferred  43 D-type flip-flop(s).
Unit <if_id_reg> synthesized.


Synthesizing Unit <instruction_fetch>.
    Related source file is "fetch.v".
Unit <instruction_fetch> synthesized.


=========================================================================
HDL Synthesis Report

Macro Statistics
# ROMs                                                 : 1
 2048x32-bit ROM                                       : 1
# Adders/Subtractors                                   : 1
 11-bit adder                                          : 1
# Registers                                            : 4
 11-bit register                                       : 2
 32-bit register                                       : 2

=========================================================================

=========================================================================
*                       Advanced HDL Synthesis                          *
=========================================================================


Synthesizing (advanced) Unit <instruction_fetch>.
INFO:Xst:3044 - The ROM <u_inst_mem/Mrom__varindex0000> will be implemented as a read-only BLOCK RAM, absorbing the register: <u_inst_mem/aux>.
INFO:Xst:3225 - The RAM <u_inst_mem/Mrom__varindex0000> will be implemented as BLOCK RAM
    -----------------------------------------------------------------------
    | ram_type           | Block                               |          |
    -----------------------------------------------------------------------
    | Port A                                                              |
    |     aspect ratio   | 2048-word x 32-bit                  |          |
    |     mode           | write-first                         |          |
    |     clkA           | connected to signal <clock>         | rise     |
    |     weA            | connected to signal <GND>           | high     |
    |     addrA          | connected to signal <pc_actual>     |          |
    |     diA            | connected to signal <GND>           |          |
    |     doA            | connected to signal <salida_mem>    |          |
    -----------------------------------------------------------------------
    | optimization       | speed                               |          |
    -----------------------------------------------------------------------
Unit <instruction_fetch> synthesized (advanced).

=========================================================================
Advanced HDL Synthesis Report

Macro Statistics
# RAMs                                                 : 1
 2048x32-bit single-port block RAM                     : 1
# Adders/Subtractors                                   : 1
 11-bit adder                                          : 1
# Registers                                            : 54
 Flip-Flops                                            : 54

=========================================================================

=========================================================================
*                         Low Level Synthesis                           *
=========================================================================

Optimizing unit <instruction_fetch> ...

Optimizing unit <if_id_reg> ...

Mapping all equations...
Building and optimizing final netlist ...
Found area constraint ratio of 100 (+ 5) on block instruction_fetch, actual ratio is 3.

Final Macro Processing ...

=========================================================================
Final Register Report

Macro Statistics
# Registers                                            : 54
 Flip-Flops                                            : 54

=========================================================================

=========================================================================
*                           Partition Report                            *
=========================================================================

Partition Implementation Status
-------------------------------

  No Partitions were found in this design.

-------------------------------

=========================================================================
*                            Final Report                               *
=========================================================================
Final Results
RTL Top Level Output File Name     : instruction_fetch.ngr
Top Level Output File Name         : instruction_fetch
Output Format                      : NGC
Optimization Goal                  : Speed
Keep Hierarchy                     : No

Design Statistics
# IOs                              : 56

Cell Usage :
# BELS                             : 45
#      GND                         : 1
#      INV                         : 1
#      LUT1                        : 10
#      LUT3                        : 11
#      MUXCY                       : 10
#      VCC                         : 1
#      XORCY                       : 11
# FlipFlops/Latches                : 54
#      FD                          : 54
# RAMS                             : 4
#      RAMB16_S9                   : 4
# Clock Buffers                    : 1
#      BUFGP                       : 1
# IO Buffers                       : 55
#      IBUF                        : 12
#      OBUF                        : 43
=========================================================================

Device utilization summary:
---------------------------

Selected Device : 3s100ecp132-5 

 Number of Slices:                       31  out of    960     3%  
 Number of Slice Flip Flops:             54  out of   1920     2%  
 Number of 4 input LUTs:                 22  out of   1920     1%  
 Number of IOs:                          56
 Number of bonded IOBs:                  56  out of     83    67%  
 Number of BRAMs:                         4  out of      4   100%  
 Number of GCLKs:                         1  out of     24     4%  

---------------------------
Partition Resource Summary:
---------------------------

  No Partitions were found in this design.

---------------------------


=========================================================================
TIMING REPORT

NOTE: THESE TIMING NUMBERS ARE ONLY A SYNTHESIS ESTIMATE.
      FOR ACCURATE TIMING INFORMATION PLEASE REFER TO THE TRACE REPORT
      GENERATED AFTER PLACE-and-ROUTE.

Clock Information:
------------------
-----------------------------------+------------------------+-------+
Clock Signal                       | Clock buffer(FF name)  | Load  |
-----------------------------------+------------------------+-------+
clock                              | BUFGP                  | 58    |
-----------------------------------+------------------------+-------+

Asynchronous Control Signals Information:
----------------------------------------
No asynchronous control signals found in this design

Timing Summary:
---------------
Speed Grade: -5

   Minimum period: 4.621ns (Maximum Frequency: 216.403MHz)
   Minimum input arrival time before clock: 2.931ns
   Maximum output required time after clock: 4.040ns
   Maximum combinational path delay: No path found

Timing Detail:
--------------
All values displayed in nanoseconds (ns)

=========================================================================
Timing constraint: Default period analysis for Clock 'clock'
  Clock period: 4.621ns (frequency: 216.403MHz)
  Total number of paths / destination ports: 208 / 98
-------------------------------------------------------------------------
Delay:               4.621ns (Levels of Logic = 12)
  Source:            u_pc/pc_aux_1 (FF)
  Destination:       u_pc/pc_aux_10 (FF)
  Source Clock:      clock rising
  Destination Clock: clock rising

  Data Path: u_pc/pc_aux_1 to u_pc/pc_aux_10
                                Gate     Net
    Cell:in->out      fanout   Delay   Delay  Logical Name (Net Name)
    ----------------------------------------  ------------
     FD:C->Q               5   0.514   0.690  u_pc/pc_aux_1 (u_pc/pc_aux_1)
     LUT1:I0->O            1   0.612   0.000  u_sumador/Madd_pc_aux_cy<1>_rt (u_sumador/Madd_pc_aux_cy<1>_rt)
     MUXCY:S->O            1   0.404   0.000  u_sumador/Madd_pc_aux_cy<1> (u_sumador/Madd_pc_aux_cy<1>)
     MUXCY:CI->O           1   0.052   0.000  u_sumador/Madd_pc_aux_cy<2> (u_sumador/Madd_pc_aux_cy<2>)
     MUXCY:CI->O           1   0.052   0.000  u_sumador/Madd_pc_aux_cy<3> (u_sumador/Madd_pc_aux_cy<3>)
     MUXCY:CI->O           1   0.052   0.000  u_sumador/Madd_pc_aux_cy<4> (u_sumador/Madd_pc_aux_cy<4>)
     MUXCY:CI->O           1   0.052   0.000  u_sumador/Madd_pc_aux_cy<5> (u_sumador/Madd_pc_aux_cy<5>)
     MUXCY:CI->O           1   0.052   0.000  u_sumador/Madd_pc_aux_cy<6> (u_sumador/Madd_pc_aux_cy<6>)
     MUXCY:CI->O           1   0.052   0.000  u_sumador/Madd_pc_aux_cy<7> (u_sumador/Madd_pc_aux_cy<7>)
     MUXCY:CI->O           1   0.052   0.000  u_sumador/Madd_pc_aux_cy<8> (u_sumador/Madd_pc_aux_cy<8>)
     MUXCY:CI->O           0   0.051   0.000  u_sumador/Madd_pc_aux_cy<9> (u_sumador/Madd_pc_aux_cy<9>)
     XORCY:CI->O           2   0.699   0.410  u_sumador/Madd_pc_aux_xor<10> (pc_incrementado<10>)
     LUT3:I2->O            1   0.612   0.000  u_mux/aux<10>1 (pc_siguiente<10>)
     FD:D                      0.268          u_pc/pc_aux_10
    ----------------------------------------
    Total                      4.621ns (3.521ns logic, 1.100ns route)
                                       (76.2% logic, 23.8% route)

=========================================================================
Timing constraint: Default OFFSET IN BEFORE for Clock 'clock'
  Total number of paths / destination ports: 22 / 11
-------------------------------------------------------------------------
Offset:              2.931ns (Levels of Logic = 2)
  Source:            salto_sel (PAD)
  Destination:       u_pc/pc_aux_0 (FF)
  Destination Clock: clock rising

  Data Path: salto_sel to u_pc/pc_aux_0
                                Gate     Net
    Cell:in->out      fanout   Delay   Delay  Logical Name (Net Name)
    ----------------------------------------  ------------
     IBUF:I->O            11   1.106   0.945  salto_sel_IBUF (salto_sel_IBUF)
     LUT3:I0->O            1   0.612   0.000  u_mux/aux<0>1 (pc_siguiente<0>)
     FD:D                      0.268          u_pc/pc_aux_0
    ----------------------------------------
    Total                      2.931ns (1.986ns logic, 0.945ns route)
                                       (67.8% logic, 32.2% route)

=========================================================================
Timing constraint: Default OFFSET OUT AFTER for Clock 'clock'
  Total number of paths / destination ports: 43 / 43
-------------------------------------------------------------------------
Offset:              4.040ns (Levels of Logic = 1)
  Source:            u_if_id_reg/out_inst_31 (FF)
  Destination:       instruccion<31> (PAD)
  Source Clock:      clock rising

  Data Path: u_if_id_reg/out_inst_31 to instruccion<31>
                                Gate     Net
    Cell:in->out      fanout   Delay   Delay  Logical Name (Net Name)
    ----------------------------------------  ------------
     FD:C->Q               1   0.514   0.357  u_if_id_reg/out_inst_31 (u_if_id_reg/out_inst_31)
     OBUF:I->O                 3.169          instruccion_31_OBUF (instruccion<31>)
    ----------------------------------------
    Total                      4.040ns (3.683ns logic, 0.357ns route)
                                       (91.2% logic, 8.8% route)

=========================================================================


Total REAL time to Xst completion: 86.00 secs
Total CPU time to Xst completion: 85.96 secs
 
--> 

Total memory usage is 286684 kilobytes

Number of errors   :    0 (   0 filtered)
Number of warnings :    1 (   0 filtered)
Number of infos    :    2 (   0 filtered)

