Release 14.2 - xst P.28xd (nt)
Copyright (c) 1995-2012 Xilinx, Inc.  All rights reserved.
--> Parameter TMPDIR set to xst/projnav.tmp


Total REAL time to Xst completion: 0.00 secs
Total CPU time to Xst completion: 0.12 secs
 
--> Parameter xsthdpdir set to xst


Total REAL time to Xst completion: 0.00 secs
Total CPU time to Xst completion: 0.12 secs
 
--> Reading design: memory_access.prj

TABLE OF CONTENTS
  1) Synthesis Options Summary
  2) HDL Compilation
  3) Design Hierarchy Analysis
  4) HDL Analysis
  5) HDL Synthesis
     5.1) HDL Synthesis Report
  6) Advanced HDL Synthesis
     6.1) Advanced HDL Synthesis Report
  7) Low Level Synthesis
  8) Partition Report
  9) Final Report
	9.1) Device utilization summary
	9.2) Partition Resource Summary
	9.3) TIMING REPORT


=========================================================================
*                      Synthesis Options Summary                        *
=========================================================================
---- Source Parameters
Input File Name                    : "memory_access.prj"
Input Format                       : mixed
Ignore Synthesis Constraint File   : NO

---- Target Parameters
Output File Name                   : "memory_access"
Output Format                      : NGC
Target Device                      : xc3s100e-5-cp132

---- Source Options
Top Module Name                    : memory_access
Automatic FSM Extraction           : YES
FSM Encoding Algorithm             : Auto
Safe Implementation                : No
FSM Style                          : LUT
RAM Extraction                     : Yes
RAM Style                          : Auto
ROM Extraction                     : Yes
Mux Style                          : Auto
Decoder Extraction                 : YES
Priority Encoder Extraction        : Yes
Shift Register Extraction          : YES
Logical Shifter Extraction         : YES
XOR Collapsing                     : YES
ROM Style                          : Auto
Mux Extraction                     : Yes
Resource Sharing                   : YES
Asynchronous To Synchronous        : NO
Multiplier Style                   : Auto
Automatic Register Balancing       : No

---- Target Options
Add IO Buffers                     : YES
Global Maximum Fanout              : 100000
Add Generic Clock Buffer(BUFG)     : 24
Register Duplication               : YES
Slice Packing                      : YES
Optimize Instantiated Primitives   : NO
Use Clock Enable                   : Yes
Use Synchronous Set                : Yes
Use Synchronous Reset              : Yes
Pack IO Registers into IOBs        : Auto
Equivalent register Removal        : YES

---- General Options
Optimization Goal                  : Speed
Optimization Effort                : 1
Keep Hierarchy                     : No
Netlist Hierarchy                  : As_Optimized
RTL Output                         : Yes
Global Optimization                : AllClockNets
Read Cores                         : YES
Write Timing Constraints           : NO
Cross Clock Analysis               : NO
Hierarchy Separator                : /
Bus Delimiter                      : <>
Case Specifier                     : Maintain
Slice Utilization Ratio            : 100
BRAM Utilization Ratio             : 100
Verilog 2001                       : YES
Auto BRAM Packing                  : NO
Slice Utilization Ratio Delta      : 5

=========================================================================


=========================================================================
*                          HDL Compilation                              *
=========================================================================
Compiling verilog file "mem_wb_reg.v" in library work
Compiling verilog file "data_mem.v" in library work
Module <mem_wb_reg> compiled
Compiling verilog file "memory_access.v" in library work
Module <data_mem> compiled
Module <memory_access> compiled
No errors in compilation
Analysis of file <"memory_access.prj"> succeeded.
 

=========================================================================
*                     Design Hierarchy Analysis                         *
=========================================================================
Analyzing hierarchy for module <memory_access> in library <work>.

Analyzing hierarchy for module <data_mem> in library <work>.

Analyzing hierarchy for module <mem_wb_reg> in library <work>.


=========================================================================
*                            HDL Analysis                               *
=========================================================================
Analyzing top module <memory_access>.
Module <memory_access> is correct for synthesis.
 
Analyzing module <data_mem> in library <work>.
Module <data_mem> is correct for synthesis.
 
Analyzing module <mem_wb_reg> in library <work>.
Module <mem_wb_reg> is correct for synthesis.
 

=========================================================================
*                           HDL Synthesis                               *
=========================================================================

Performing bidirectional port resolution...

Synthesizing Unit <data_mem>.
    Related source file is "data_mem.v".
    Found 2048x32-bit single-port RAM <Mram_memoria> for signal <memoria>.
    Found 32-bit register for signal <aux>.
    Summary:
	inferred   1 RAM(s).
	inferred  32 D-type flip-flop(s).
Unit <data_mem> synthesized.


Synthesizing Unit <mem_wb_reg>.
    Related source file is "mem_wb_reg.v".
    Found 11-bit register for signal <out_addr>.
    Found 32-bit register for signal <out_mem>.
    Summary:
	inferred  43 D-type flip-flop(s).
Unit <mem_wb_reg> synthesized.


Synthesizing Unit <memory_access>.
    Related source file is "memory_access.v".
Unit <memory_access> synthesized.


=========================================================================
HDL Synthesis Report

Macro Statistics
# RAMs                                                 : 1
 2048x32-bit single-port RAM                           : 1
# Registers                                            : 3
 11-bit register                                       : 1
 32-bit register                                       : 2

=========================================================================

=========================================================================
*                       Advanced HDL Synthesis                          *
=========================================================================


Synthesizing (advanced) Unit <data_mem>.
INFO:Xst:3226 - The RAM <Mram_memoria> will be implemented as a BLOCK RAM, absorbing the following register(s): <aux>
    -----------------------------------------------------------------------
    | ram_type           | Block                               |          |
    -----------------------------------------------------------------------
    | Port A                                                              |
    |     aspect ratio   | 2048-word x 32-bit                  |          |
    |     mode           | no-change                           |          |
    |     clkA           | connected to signal <clock>         | rise     |
    |     weA            | connected to signal <write>         | high     |
    |     addrA          | connected to signal <address>       |          |
    |     diA            | connected to signal <in_data>       |          |
    |     doA            | connected to signal <aux>           |          |
    -----------------------------------------------------------------------
    | optimization       | speed                               |          |
    -----------------------------------------------------------------------
Unit <data_mem> synthesized (advanced).

=========================================================================
Advanced HDL Synthesis Report

Macro Statistics
# RAMs                                                 : 1
 2048x32-bit single-port block RAM                     : 1
# Registers                                            : 43
 Flip-Flops                                            : 43

=========================================================================

=========================================================================
*                         Low Level Synthesis                           *
=========================================================================

Optimizing unit <memory_access> ...

Optimizing unit <mem_wb_reg> ...

Mapping all equations...
Building and optimizing final netlist ...
Found area constraint ratio of 100 (+ 5) on block memory_access, actual ratio is 2.

Final Macro Processing ...

=========================================================================
Final Register Report

Macro Statistics
# Registers                                            : 43
 Flip-Flops                                            : 43

=========================================================================

=========================================================================
*                           Partition Report                            *
=========================================================================

Partition Implementation Status
-------------------------------

  No Partitions were found in this design.

-------------------------------

=========================================================================
*                            Final Report                               *
=========================================================================
Final Results
RTL Top Level Output File Name     : memory_access.ngr
Top Level Output File Name         : memory_access
Output Format                      : NGC
Optimization Goal                  : Speed
Keep Hierarchy                     : No

Design Statistics
# IOs                              : 88

Cell Usage :
# BELS                             : 2
#      GND                         : 1
#      VCC                         : 1
# FlipFlops/Latches                : 43
#      FD                          : 43
# RAMS                             : 4
#      RAMB16_S9                   : 4
# Clock Buffers                    : 1
#      BUFGP                       : 1
# IO Buffers                       : 87
#      IBUF                        : 44
#      OBUF                        : 43
=========================================================================

Device utilization summary:
---------------------------

Selected Device : 3s100ecp132-5 

 Number of Slices:                       18  out of    960     1%  
 Number of Slice Flip Flops:             32  out of   1920     1%  
 Number of IOs:                          88
 Number of bonded IOBs:                  88  out of     83   106% (*) 
    IOB Flip Flops:                      11
 Number of BRAMs:                         4  out of      4   100%  
 Number of GCLKs:                         1  out of     24     4%  

WARNING:Xst:1336 -  (*) More than 100% of Device resources are used

---------------------------
Partition Resource Summary:
---------------------------

  No Partitions were found in this design.

---------------------------


=========================================================================
TIMING REPORT

NOTE: THESE TIMING NUMBERS ARE ONLY A SYNTHESIS ESTIMATE.
      FOR ACCURATE TIMING INFORMATION PLEASE REFER TO THE TRACE REPORT
      GENERATED AFTER PLACE-and-ROUTE.

Clock Information:
------------------
-----------------------------------+------------------------+-------+
Clock Signal                       | Clock buffer(FF name)  | Load  |
-----------------------------------+------------------------+-------+
clock                              | BUFGP                  | 47    |
-----------------------------------+------------------------+-------+

Asynchronous Control Signals Information:
----------------------------------------
No asynchronous control signals found in this design

Timing Summary:
---------------
Speed Grade: -5

   Minimum period: 3.061ns (Maximum Frequency: 326.691MHz)
   Minimum input arrival time before clock: 2.695ns
   Maximum output required time after clock: 4.040ns
   Maximum combinational path delay: No path found

Timing Detail:
--------------
All values displayed in nanoseconds (ns)

=========================================================================
Timing constraint: Default period analysis for Clock 'clock'
  Clock period: 3.061ns (frequency: 326.691MHz)
  Total number of paths / destination ports: 32 / 32
-------------------------------------------------------------------------
Delay:               3.061ns (Levels of Logic = 0)
  Source:            u_data_mem/Mram_memoria4 (RAM)
  Destination:       u_mem_wb_reg/out_mem_31 (FF)
  Source Clock:      clock rising
  Destination Clock: clock rising

  Data Path: u_data_mem/Mram_memoria4 to u_mem_wb_reg/out_mem_31
                                Gate     Net
    Cell:in->out      fanout   Delay   Delay  Logical Name (Net Name)
    ----------------------------------------  ------------
     RAMB16_S9:CLK->DO4    1   2.436   0.357  u_data_mem/Mram_memoria4 (mem_out<31>)
     FD:D                      0.268          u_mem_wb_reg/out_mem_31
    ----------------------------------------
    Total                      3.061ns (2.704ns logic, 0.357ns route)
                                       (88.3% logic, 11.7% route)

=========================================================================
Timing constraint: Default OFFSET IN BEFORE for Clock 'clock'
  Total number of paths / destination ports: 91 / 91
-------------------------------------------------------------------------
Offset:              2.695ns (Levels of Logic = 1)
  Source:            write (PAD)
  Destination:       u_data_mem/Mram_memoria2 (RAM)
  Destination Clock: clock rising

  Data Path: write to u_data_mem/Mram_memoria2
                                Gate     Net
    Cell:in->out      fanout   Delay   Delay  Logical Name (Net Name)
    ----------------------------------------  ------------
     IBUF:I->O             4   1.106   0.499  write_IBUF (write_IBUF)
     RAMB16_S9:WE              1.090          u_data_mem/Mram_memoria2
    ----------------------------------------
    Total                      2.695ns (2.196ns logic, 0.499ns route)
                                       (81.5% logic, 18.5% route)

=========================================================================
Timing constraint: Default OFFSET OUT AFTER for Clock 'clock'
  Total number of paths / destination ports: 43 / 43
-------------------------------------------------------------------------
Offset:              4.040ns (Levels of Logic = 1)
  Source:            u_mem_wb_reg/out_addr_10 (FF)
  Destination:       address_out<10> (PAD)
  Source Clock:      clock rising

  Data Path: u_mem_wb_reg/out_addr_10 to address_out<10>
                                Gate     Net
    Cell:in->out      fanout   Delay   Delay  Logical Name (Net Name)
    ----------------------------------------  ------------
     FD:C->Q               1   0.514   0.357  u_mem_wb_reg/out_addr_10 (u_mem_wb_reg/out_addr_10)
     OBUF:I->O                 3.169          address_out_10_OBUF (address_out<10>)
    ----------------------------------------
    Total                      4.040ns (3.683ns logic, 0.357ns route)
                                       (91.2% logic, 8.8% route)

=========================================================================


Total REAL time to Xst completion: 4.00 secs
Total CPU time to Xst completion: 4.43 secs
 
--> 

Total memory usage is 230116 kilobytes

Number of errors   :    0 (   0 filtered)
Number of warnings :    1 (   0 filtered)
Number of infos    :    1 (   0 filtered)

